xargs: sysconf(_SC_ARG_MAX) failed
WARNING: A restricted method in java.lang.System has been called
WARNING: java.lang.System::load has been called by net.rubygrapefruit.platform.internal.NativeLibraryLoader in an unnamed module (file:/var/folders/mt/l989rf1j61j6wf5448tkly0c0000gn/T/cursor-sandbox-cache/79826074c6d96b374b56fcd0f29c445a/gradle/wrapper/dists/gradle-9.4.0-bin/lcvyxq3t37f6mx9miaydrrgs/gradle-9.4.0/lib/native-platform-0.22-milestone-29.jar)
WARNING: Use --enable-native-access=ALL-UNNAMED to avoid a warning for callers in this module
WARNING: Restricted methods will be blocked in a future release unless native access is enabled


FAILURE: Build failed with an exception.

* What went wrong:
Gradle could not start your build.
> Could not create service of type FileLockContentionHandler using BasicGlobalScopeServices.createFileLockContentionHandler().
   > Could not determine a usable wildcard IP for this machine.

* Try:
> Run with --stacktrace option to get the stack trace.
> Run with --info or --debug option to get more log output.
> Run with --scan to get full insights from a Build Scan (powered by Develocity).
> Get more help at https://help.gradle.org.
